(2026-09-25 11:18:11.098) [info] [gz.cc:407] Gazebo Sim Server v10.4.0
(2026-09-25 11:18:11.127) [info] [ServerPrivate.cc:697] Loading SDF world file[/Users/omsingh/Desktop/projects/px4 agriculture/worlds/agriculture_world.sdf].
(2026-09-25 11:18:13.107) [info] [SystemManager.cc:54] Serving entity system service on [/entity/system/add]
(2026-09-25 11:18:13.110) [info] [SimulationRunner.cc:347] Serving world controls on [/world/agriculture/control], [/world/agriculture/control/state] and [/world/agriculture/playback/control]
(2026-09-25 11:18:13.110) [info] [SimulationRunner.cc:373] Serving GUI information on [/world/agriculture/gui/info]
(2026-09-25 11:18:13.110) [info] [SimulationRunner.cc:376] World [agriculture] initialized with [fixed_step] physics profile.
(2026-09-25 11:18:13.110) [info] [SimulationRunner.cc:383] Serving world SDF generation service on [/world/agriculture/generate_world_sdf]
(2026-09-25 11:18:13.110) [info] [ServerPrivate.cc:357] Serving world names on [/gazebo/worlds]
(2026-09-25 11:18:13.110) [info] [ServerPrivate.cc:370] Resource path add service on [/gazebo/resource_paths/add].
(2026-09-25 11:18:13.110) [info] [ServerPrivate.cc:383] Resource path get service on [/gazebo/resource_paths/get].
(2026-09-25 11:18:13.110) [info] [ServerPrivate.cc:398] Resource path resolve service on [/gazebo/resource_paths/resolve].
(2026-09-25 11:18:13.110) [info] [ServerPrivate.cc:412] Resource paths published on [/gazebo/resource_paths].
(2026-09-25 11:18:13.110) [info] [ServerPrivate.cc:425] Server control service on [/server_control].
(2026-09-25 11:18:13.111) [info] [SimulationRunner.cc:865] Found no publishers on /stats, adding root stats topic
(2026-09-25 11:18:13.111) [info] [SimulationRunner.cc:899] Found no publishers on /clock, adding root clock topic
(2026-09-25 11:18:13.483) [info] [UserCommands.cc:751] Create service on [/world/agriculture/create_multiple] (async)
(2026-09-25 11:18:13.483) [info] [UserCommands.cc:753] Create service on [/world/agriculture/create_multiple/blocking] (blocking)
(2026-09-25 11:18:13.483) [info] [UserCommands.cc:751] Remove service on [/world/agriculture/remove] (async)
(2026-09-25 11:18:13.483) [info] [UserCommands.cc:753] Remove service on [/world/agriculture/remove/blocking] (blocking)
(2026-09-25 11:18:13.483) [info] [UserCommands.cc:751] Pose service on [/world/agriculture/set_pose] (async)
(2026-09-25 11:18:13.483) [info] [UserCommands.cc:753] Pose service on [/world/agriculture/set_pose/blocking] (blocking)
(2026-09-25 11:18:13.483) [info] [UserCommands.cc:751] Pose service on [/world/agriculture/set_pose_vector] (async)
(2026-09-25 11:18:13.483) [info] [UserCommands.cc:753] Pose service on [/world/agriculture/set_pose_vector/blocking] (blocking)
(2026-09-25 11:18:13.484) [info] [UserCommands.cc:751] Light configuration service on [/world/agriculture/light_config] (async)
(2026-09-25 11:18:13.484) [info] [UserCommands.cc:753] Light configuration service on [/world/agriculture/light_config/blocking] (blocking)
(2026-09-25 11:18:13.484) [info] [UserCommands.cc:751] Physics service on [/world/agriculture/set_physics] (async)
(2026-09-25 11:18:13.484) [info] [UserCommands.cc:753] Physics service on [/world/agriculture/set_physics/blocking] (blocking)
(2026-09-25 11:18:13.484) [info] [UserCommands.cc:751] SphericalCoordinates service on [/world/agriculture/set_spherical_coordinates] (async)
(2026-09-25 11:18:13.484) [info] [UserCommands.cc:753] SphericalCoordinates service on [/world/agriculture/set_spherical_coordinates/blocking] (blocking)
(2026-09-25 11:18:13.485) [info] [UserCommands.cc:751] Enable collision service on [/world/agriculture/enable_collision] (async)
(2026-09-25 11:18:13.485) [info] [UserCommands.cc:753] Enable collision service on [/world/agriculture/enable_collision/blocking] (blocking)
(2026-09-25 11:18:13.485) [info] [UserCommands.cc:751] Disable collision service on [/world/agriculture/disable_collision] (async)
(2026-09-25 11:18:13.485) [info] [UserCommands.cc:753] Disable collision service on [/world/agriculture/disable_collision/blocking] (blocking)
(2026-09-25 11:18:13.485) [info] [UserCommands.cc:751] Material service on [/world/agriculture/visual_config] (async)
(2026-09-25 11:18:13.485) [info] [UserCommands.cc:753] Material service on [/world/agriculture/visual_config/blocking] (blocking)
(2026-09-25 11:18:13.485) [info] [UserCommands.cc:751] Material service on [/world/agriculture/wheel_slip] (async)
(2026-09-25 11:18:13.485) [info] [UserCommands.cc:753] Material service on [/world/agriculture/wheel_slip/blocking] (blocking)
(2026-09-25 11:18:13.523) [info] [LevelManager.cc:646] Loaded level [default]
(2026-09-25 11:18:13.644) [info] [SceneBroadcaster.cc:634] Serving scene information on [/world/agriculture/scene/info]
(2026-09-25 11:18:13.644) [info] [SceneBroadcaster.cc:643] Serving graph information on [/world/agriculture/scene/graph]
(2026-09-25 11:18:13.644) [info] [SceneBroadcaster.cc:654] Serving full state on [/world/agriculture/state]
(2026-09-25 11:18:13.644) [info] [SceneBroadcaster.cc:663] Serving full state (async) on [/world/agriculture/state_async]
(2026-09-25 11:18:13.644) [info] [SceneBroadcaster.cc:671] Publishing scene information on [/world/agriculture/scene/info]
(2026-09-25 11:18:13.644) [info] [SceneBroadcaster.cc:680] Publishing entity deletions on [/world/agriculture/scene/deletion]
(2026-09-25 11:18:13.644) [info] [SceneBroadcaster.cc:689] Publishing state changes on [/world/agriculture/state]
(2026-09-25 11:18:13.644) [info] [SceneBroadcaster.cc:700] Publishing pose messages on [/world/agriculture/pose/info]
(2026-09-25 11:18:13.644) [info] [SceneBroadcaster.cc:711] Publishing dynamic pose messages on [/world/agriculture/dynamic_pose/info]
